---
source: src/syntactic_parser/mod.rs
expression: ast
---
name: test
module: test_loop
imports:
  - std
globals: {}
functions:
  sum:
    visibility: Private
    value:
      name: sum
      arguments:
        - name: list
          typ:
            base:
              - i32
            modifiers:
              - mutable: false
                typ: Slice
            span:
              line: 5
              column: 24
              index: 55
              size: 9
          span:
            line: 5
            column: 24
            index: 55
            size: 15
      return_type:
        base:
          - i32
        modifiers: []
        span:
          line: 5
          column: 32
          index: 63
          size: 3
      body:
        - Declaration:
            name: ret
            mutable: true
            typ:
              base:
                - i32
              modifiers: []
              span:
                line: 6
                column: 14
                index: 82
                size: 3
            value:
              value:
                Literal:
                  UInt: 0
              span:
                line: 6
                column: 20
                index: 88
                size: 1
            span:
              line: 6
              column: 21
              index: 89
              size: 17
        - Loop:
            init:
              name: i
              mutable: true
              typ:
                base:
                  - i32
                modifiers: []
                span:
                  line: 7
                  column: 17
                  index: 107
                  size: 3
              value:
                value:
                  Literal:
                    UInt: 0
                span:
                  line: 7
                  column: 23
                  index: 113
                  size: 1
              span:
                line: 7
                column: 24
                index: 114
                size: 15
            condition:
              value:
                Binary:
                  left:
                    value:
                      Identifier:
                        - i
                    span:
                      line: 7
                      column: 26
                      index: 116
                      size: 1
                  right:
                    value:
                      Binary:
                        left:
                          value:
                            Identifier:
                              - list
                          span:
                            line: 7
                            column: 30
                            index: 120
                            size: 4
                        right:
                          value:
                            Identifier:
                              - len
                          span:
                            line: 7
                            column: 35
                            index: 125
                            size: 3
                        op: FieldAccess
                    span:
                      line: 7
                      column: 35
                      index: 125
                      size: 4
                  op: Lt
              span:
                line: 7
                column: 35
                index: 125
                size: 10
            update:
              - Assignment:
                  left:
                    value:
                      Identifier:
                        - i
                    span:
                      line: 7
                      column: 40
                      index: 130
                      size: 1
                  right:
                    value:
                      Literal:
                        UInt: 1
                    span:
                      line: 7
                      column: 45
                      index: 135
                      size: 1
                  typ: Plus
                  span:
                    line: 7
                    column: 46
                    index: 136
                    size: 7
            body:
              - Assignment:
                  left:
                    value:
                      Identifier:
                        - ret
                    span:
                      line: 8
                      column: 9
                      index: 148
                      size: 3
                  right:
                    value:
                      Binary:
                        left:
                          value:
                            Identifier:
                              - list
                          span:
                            line: 8
                            column: 16
                            index: 155
                            size: 4
                        right:
                          value:
                            Identifier:
                              - i
                          span:
                            line: 8
                            column: 21
                            index: 160
                            size: 1
                        op: Indexing
                    span:
                      line: 8
                      column: 22
                      index: 161
                      size: 3
                  typ: Plus
                  span:
                    line: 8
                    column: 23
                    index: 162
                    size: 15
        - Return:
            value:
              Identifier:
                - ret
            span:
              line: 10
              column: 12
              index: 181
              size: 3
      span:
        line: 5
        column: 8
        index: 39
        size: 3
types: {}
